[15:13:39] IO_all_failures_cleared/i1: connecting...
[15:13:41] IO_all_failures_cleared/i1: connected
[15:13:41] IO_all_failures_cleared/i1: armed
[15:13:45] IO_all_failures_cleared/i1: set_speed ignored: TIMEOUT: 'Timeout'; origin: set_param_int(); params: ('MIS_SPEED', 400)
[15:13:45] IO_all_failures_cleared/i1: takeoff to 15.0 m
[15:13:47] IO_all_failures_cleared/i1: goto_offset N12.0 E-18.0 -> 37.4122810,-121.9990710 alt 15.00 AMSL
[15:13:51] IO_all_failures_cleared/i1: goto_offset N12.0 E18.0 -> 37.4122810,-121.9986638 alt 15.00 AMSL
[15:13:55] IO_all_failures_cleared/i1: BEGIN injecting all failures (inst=0, dt=0.8s, clear=True)
[15:13:55] IO_all_failures_cleared/i1: goto_offset N0.0 E0.0 -> 37.4121732,-121.9988674 alt 15.00 AMSL
[15:13:59] IO_all_failures_cleared/i1: goto_offset N-12.0 E18.0 -> 37.4120654,-121.9986638 alt 15.00 AMSL
[15:14:03] IO_all_failures_cleared/i1: goto_offset N-12.0 E-18.0 -> 37.4120654,-121.9990710 alt 15.00 AMSL
[15:14:07] IO_all_failures_cleared/i1: goto_offset N0.0 E22.0 -> 37.4121732,-121.9986186 alt 15.00 AMSL
[15:14:11] IO_all_failures_cleared/i1: goto_offset N12.0 E22.0 -> 37.4122810,-121.9986186 alt 15.00 AMSL
[15:14:15] IO_all_failures_cleared/i1: goto_offset N12.0 E-22.0 -> 37.4122810,-121.9991162 alt 15.00 AMSL
[15:14:19] IO_all_failures_cleared/i1: goto_offset N-12.0 E-22.0 -> 37.4120654,-121.9991162 alt 15.00 AMSL
[15:14:23] IO_all_failures_cleared/i1: goto_offset N-12.0 E22.0 -> 37.4120654,-121.9986186 alt 15.00 AMSL
[15:14:27] IO_all_failures_cleared/i1: goto_offset N0.0 E22.0 -> 37.4121732,-121.9986186 alt 15.00 AMSL
[15:14:51] IO_all_failures_cleared/i1: land
[15:14:51] IO_all_failures_cleared/i1: EXPECT final_mode=LAND -> True (got LAND)
[15:19:26] IO_all_failures_cleared/i1: connecting...
