[15:21:54] write_IOTrust_with_mid_failures/i1: connecting...
[15:21:55] write_IOTrust_with_mid_failures/i1: connected
[15:21:55] write_IOTrust_with_mid_failures/i1: armed
[15:21:56] write_IOTrust_with_mid_failures/i1: takeoff to 46.0 m
[15:22:02] write_IOTrust_with_mid_failures/i1: goto_offset N15.0 E0.0 -> 37.4122748,-121.9988884 alt 84.16 (AMSL)
[15:22:08] write_IOTrust_with_mid_failures/i1: goto_offset N-15.0 E0.0 -> 37.4120054,-121.9988884 alt 84.16 (AMSL)
[15:22:15] write_IOTrust_with_mid_failures/i1: goto_offset N15.0 E18.0 -> 37.4122748,-121.9986848 alt 84.16 (AMSL)
[15:22:18] write_IOTrust_with_mid_failures/i1: pxh error: End Of File (EOF). Exception style platform.
<pexpect.pty_spawn.spawn object at 0x7abc3ba4f760>
command: /usr/bin/python3
args: [b'/usr/bin/python3', b'/home/iotrust/ResearchFall2025/Simulators/PX4-Autopilot/Tools/mavlink_shell.py', b'14541']
buffer (last 100 chars): ''
before (last 100 chars): "SerialException: [Errno 2] could not open port 14541: [Errno 2] No such file or directory: '14541'\r\n"
after: <class 'pexpect.exceptions.EOF'>
match: None
match_index: None
exitstatus: None
flag_eof: True
pid: 254923
child_fd: 16
closed: False
timeout: 20.0
delimiter: <class 'pexpect.exceptions.EOF'>
logfile: None
logfile_read: None
logfile_send: None
maxread: 2000
ignorecase: False
searchwindowsize: None
delaybeforesend: 0.05
delayafterclose: 0.1
delayafterterminate: 0.1
searcher: searcher_string:
    0: 'pxh>'
[15:22:18] write_IOTrust_with_mid_failures/i1: pxh error: End Of File (EOF). Exception style platform.
<pexpect.pty_spawn.spawn object at 0x7abc3ba84280>
command: /usr/bin/python3
args: [b'/usr/bin/python3', b'/home/iotrust/ResearchFall2025/Simulators/PX4-Autopilot/Tools/mavlink_shell.py', b'14541']
buffer (last 100 chars): ''
before (last 100 chars): "SerialException: [Errno 2] could not open port 14541: [Errno 2] No such file or directory: '14541'\r\n"
after: <class 'pexpect.exceptions.EOF'>
match: None
match_index: None
exitstatus: None
flag_eof: True
pid: 254974
child_fd: 17
closed: False
timeout: 20.0
delimiter: <class 'pexpect.exceptions.EOF'>
logfile: None
logfile_read: None
logfile_send: None
maxread: 2000
ignorecase: False
searchwindowsize: None
delaybeforesend: 0.05
delayafterclose: 0.1
delayafterterminate: 0.1
searcher: searcher_string:
    0: 'pxh>'
[15:22:21] write_IOTrust_with_mid_failures/i1: goto_offset N0.0 E24.0 -> 37.4121401,-121.9986170 alt 84.16 (AMSL)
[15:22:27] write_IOTrust_with_mid_failures/i1: goto_offset N-15.0 E18.0 -> 37.4120054,-121.9986848 alt 84.16 (AMSL)
[15:22:33] write_IOTrust_with_mid_failures/i1: goto_offset N0.0 E12.0 -> 37.4121401,-121.9987527 alt 84.16 (AMSL)
[15:22:39] write_IOTrust_with_mid_failures/i1: goto_offset N15.0 E18.0 -> 37.4122748,-121.9986848 alt 84.16 (AMSL)
[15:22:45] write_IOTrust_with_mid_failures/i1: goto_offset N15.0 E30.0 -> 37.4122748,-121.9985491 alt 84.16 (AMSL)
[15:22:51] write_IOTrust_with_mid_failures/i1: goto_offset N15.0 E42.0 -> 37.4122748,-121.9984134 alt 84.16 (AMSL)
[15:22:57] write_IOTrust_with_mid_failures/i1: goto_offset N-15.0 E36.0 -> 37.4120054,-121.9984813 alt 84.16 (AMSL)
[15:23:03] write_IOTrust_with_mid_failures/i1: goto_offset N15.0 E54.0 -> 37.4122748,-121.9982777 alt 84.16 (AMSL)
[15:23:09] write_IOTrust_with_mid_failures/i1: goto_offset N-15.0 E54.0 -> 37.4120054,-121.9982777 alt 84.16 (AMSL)
[15:23:12] write_IOTrust_with_mid_failures/i1: pxh error: End Of File (EOF). Exception style platform.
<pexpect.pty_spawn.spawn object at 0x7abc3ba4ee90>
command: /usr/bin/python3
args: [b'/usr/bin/python3', b'/home/iotrust/ResearchFall2025/Simulators/PX4-Autopilot/Tools/mavlink_shell.py', b'14541']
buffer (last 100 chars): ''
before (last 100 chars): "SerialException: [Errno 2] could not open port 14541: [Errno 2] No such file or directory: '14541'\r\n"
after: <class 'pexpect.exceptions.EOF'>
match: None
match_index: None
exitstatus: None
flag_eof: True
pid: 255540
child_fd: 16
closed: False
timeout: 20.0
delimiter: <class 'pexpect.exceptions.EOF'>
logfile: None
logfile_read: None
logfile_send: None
maxread: 2000
ignorecase: False
searchwindowsize: None
delaybeforesend: 0.05
delayafterclose: 0.1
delayafterterminate: 0.1
searcher: searcher_string:
    0: 'pxh>'
[15:23:13] write_IOTrust_with_mid_failures/i1: pxh error: End Of File (EOF). Exception style platform.
<pexpect.pty_spawn.spawn object at 0x7abc3ba4f940>
command: /usr/bin/python3
args: [b'/usr/bin/python3', b'/home/iotrust/ResearchFall2025/Simulators/PX4-Autopilot/Tools/mavlink_shell.py', b'14541']
buffer (last 100 chars): ''
before (last 100 chars): "SerialException: [Errno 2] could not open port 14541: [Errno 2] No such file or directory: '14541'\r\n"
after: <class 'pexpect.exceptions.EOF'>
match: None
match_index: None
exitstatus: None
flag_eof: True
pid: 255598
child_fd: 17
closed: False
timeout: 20.0
delimiter: <class 'pexpect.exceptions.EOF'>
logfile: None
logfile_read: None
logfile_send: None
maxread: 2000
ignorecase: False
searchwindowsize: None
delaybeforesend: 0.05
delayafterclose: 0.1
delayafterterminate: 0.1
searcher: searcher_string:
    0: 'pxh>'
[15:23:15] write_IOTrust_with_mid_failures/i1: goto_offset N8.0 E54.0 -> 37.4122120,-121.9982777 alt 84.16 (AMSL)
[15:23:21] write_IOTrust_with_mid_failures/i1: goto_offset N8.0 E60.0 -> 37.4122120,-121.9982098 alt 84.16 (AMSL)
[15:23:25] write_IOTrust_with_mid_failures/i1: goto_offset N0.0 E54.0 -> 37.4121401,-121.9982777 alt 84.16 (AMSL)
[15:23:31] write_IOTrust_with_mid_failures/i1: goto_offset N-15.0 E60.0 -> 37.4120054,-121.9982098 alt 84.16 (AMSL)
[15:23:38] write_IOTrust_with_mid_failures/i1: goto_offset N15.0 E66.0 -> 37.4122748,-121.9981420 alt 84.16 (AMSL)
[15:23:44] write_IOTrust_with_mid_failures/i1: goto_offset N-15.0 E66.0 -> 37.4120054,-121.9981420 alt 84.16 (AMSL)
[15:23:50] write_IOTrust_with_mid_failures/i1: goto_offset N-15.0 E78.0 -> 37.4120054,-121.9980062 alt 84.16 (AMSL)
[15:23:56] write_IOTrust_with_mid_failures/i1: goto_offset N15.0 E78.0 -> 37.4122748,-121.9980062 alt 84.16 (AMSL)
[15:24:02] write_IOTrust_with_mid_failures/i1: goto_offset N15.0 E84.0 -> 37.4122748,-121.9979384 alt 84.16 (AMSL)
[15:24:08] write_IOTrust_with_mid_failures/i1: goto_offset N15.0 E96.0 -> 37.4122748,-121.9978027 alt 84.16 (AMSL)
[15:24:14] write_IOTrust_with_mid_failures/i1: goto_offset N0.0 E84.0 -> 37.4121401,-121.9979384 alt 84.16 (AMSL)
[15:24:20] write_IOTrust_with_mid_failures/i1: goto_offset N-15.0 E96.0 -> 37.4120054,-121.9978027 alt 84.16 (AMSL)
[15:24:26] write_IOTrust_with_mid_failures/i1: goto_offset N-15.0 E84.0 -> 37.4120054,-121.9979384 alt 84.16 (AMSL)
[15:24:32] write_IOTrust_with_mid_failures/i1: goto_offset N15.0 E102.0 -> 37.4122748,-121.9977348 alt 84.16 (AMSL)
[15:24:38] write_IOTrust_with_mid_failures/i1: goto_offset N15.0 E114.0 -> 37.4122748,-121.9975991 alt 84.16 (AMSL)
[15:24:44] write_IOTrust_with_mid_failures/i1: goto_offset N-15.0 E108.0 -> 37.4120054,-121.9976670 alt 84.16 (AMSL)
[15:24:55] write_IOTrust_with_mid_failures/i1: land
[15:24:56] write_IOTrust_with_mid_failures/i1: EXPECT final_mode=LAND -> True (got LAND)
[15:31:51] write_IOTrust_with_mid_failures/i1: connecting...
[15:31:53] write_IOTrust_with_mid_failures/i1: connected
[15:31:53] write_IOTrust_with_mid_failures/i1: armed
[15:31:54] write_IOTrust_with_mid_failures/i1: takeoff to 46.0 m
[15:31:59] write_IOTrust_with_mid_failures/i1: goto_offset N15.0 E0.0 -> 37.4121402,-121.9976669 alt 46.00 (AMSL)
[15:32:05] write_IOTrust_with_mid_failures/i1: goto_offset N-15.0 E0.0 -> 37.4118708,-121.9976669 alt 46.00 (AMSL)
[15:32:09] write_IOTrust_with_mid_failures/i1: goto_offset N-15.0 E15.0 -> 37.4118708,-121.9974973 alt 46.00 (AMSL)
[15:32:13] write_IOTrust_with_mid_failures/i1: goto_offset N-15.0 E33.0 -> 37.4118708,-121.9972937 alt 46.00 (AMSL)
[15:32:14] write_IOTrust_with_mid_failures/i1: pxh error: End Of File (EOF). Exception style platform.
<pexpect.pty_spawn.spawn object at 0x7be74809b7f0>
command: /usr/bin/python3
args: [b'/usr/bin/python3', b'/home/iotrust/ResearchFall2025/Simulators/PX4-Autopilot/Tools/mavlink_shell.py', b'14541']
buffer (last 100 chars): ''
before (last 100 chars): "SerialException: [Errno 2] could not open port 14541: [Errno 2] No such file or directory: '14541'\r\n"
after: <class 'pexpect.exceptions.EOF'>
match: None
match_index: None
exitstatus: None
flag_eof: True
pid: 259878
child_fd: 16
closed: False
timeout: 20.0
delimiter: <class 'pexpect.exceptions.EOF'>
logfile: None
logfile_read: None
logfile_send: None
maxread: 2000
ignorecase: False
searchwindowsize: None
delaybeforesend: 0.05
delayafterclose: 0.1
delayafterterminate: 0.1
searcher: searcher_string:
    0: 'pxh>'
[15:32:15] write_IOTrust_with_mid_failures/i1: pxh error: End Of File (EOF). Exception style platform.
<pexpect.pty_spawn.spawn object at 0x7be74809af50>
command: /usr/bin/python3
args: [b'/usr/bin/python3', b'/home/iotrust/ResearchFall2025/Simulators/PX4-Autopilot/Tools/mavlink_shell.py', b'14541']
buffer (last 100 chars): ''
before (last 100 chars): "SerialException: [Errno 2] could not open port 14541: [Errno 2] No such file or directory: '14541'\r\n"
after: <class 'pexpect.exceptions.EOF'>
match: None
match_index: None
exitstatus: None
flag_eof: True
pid: 259940
child_fd: 17
closed: False
timeout: 20.0
delimiter: <class 'pexpect.exceptions.EOF'>
logfile: None
logfile_read: None
logfile_send: None
maxread: 2000
ignorecase: False
searchwindowsize: None
delaybeforesend: 0.05
delayafterclose: 0.1
delayafterterminate: 0.1
searcher: searcher_string:
    0: 'pxh>'
[15:32:17] write_IOTrust_with_mid_failures/i1: goto_offset N15.0 E33.0 -> 37.4121402,-121.9972937 alt 46.00 (AMSL)
[15:32:21] write_IOTrust_with_mid_failures/i1: goto_offset N15.0 E15.0 -> 37.4121402,-121.9974973 alt 46.00 (AMSL)
[15:32:25] write_IOTrust_with_mid_failures/i1: goto_offset N-15.0 E15.0 -> 37.4118708,-121.9974973 alt 46.00 (AMSL)
[15:32:29] write_IOTrust_with_mid_failures/i1: goto_offset N15.0 E15.0 -> 37.4121402,-121.9974973 alt 46.00 (AMSL)
[15:32:33] write_IOTrust_with_mid_failures/i1: goto_offset N15.0 E39.0 -> 37.4121402,-121.9972258 alt 46.00 (AMSL)
[15:32:37] write_IOTrust_with_mid_failures/i1: goto_offset N15.0 E57.0 -> 37.4121402,-121.9970222 alt 46.00 (AMSL)
[15:32:43] write_IOTrust_with_mid_failures/i1: goto_offset N-15.0 E48.0 -> 37.4118708,-121.9971240 alt 46.00 (AMSL)
[15:32:47] write_IOTrust_with_mid_failures/i1: goto_offset N-15.0 E63.0 -> 37.4118708,-121.9969544 alt 46.00 (AMSL)
[15:32:51] write_IOTrust_with_mid_failures/i1: goto_offset N15.0 E63.0 -> 37.4121402,-121.9969544 alt 46.00 (AMSL)
[15:32:53] write_IOTrust_with_mid_failures/i1: pxh error: End Of File (EOF). Exception style platform.
<pexpect.pty_spawn.spawn object at 0x7be74809b790>
command: /usr/bin/python3
args: [b'/usr/bin/python3', b'/home/iotrust/ResearchFall2025/Simulators/PX4-Autopilot/Tools/mavlink_shell.py', b'14541']
buffer (last 100 chars): ''
before (last 100 chars): "SerialException: [Errno 2] could not open port 14541: [Errno 2] No such file or directory: '14541'\r\n"
after: <class 'pexpect.exceptions.EOF'>
match: None
match_index: None
exitstatus: None
flag_eof: True
pid: 260403
child_fd: 16
closed: False
timeout: 20.0
delimiter: <class 'pexpect.exceptions.EOF'>
logfile: None
logfile_read: None
logfile_send: None
maxread: 2000
ignorecase: False
searchwindowsize: None
delaybeforesend: 0.05
delayafterclose: 0.1
delayafterterminate: 0.1
searcher: searcher_string:
    0: 'pxh>'
[15:32:54] write_IOTrust_with_mid_failures/i1: pxh error: End Of File (EOF). Exception style platform.
<pexpect.pty_spawn.spawn object at 0x7be74809aec0>
command: /usr/bin/python3
args: [b'/usr/bin/python3', b'/home/iotrust/ResearchFall2025/Simulators/PX4-Autopilot/Tools/mavlink_shell.py', b'14541']
buffer (last 100 chars): ''
before (last 100 chars): "SerialException: [Errno 2] could not open port 14541: [Errno 2] No such file or directory: '14541'\r\n"
after: <class 'pexpect.exceptions.EOF'>
match: None
match_index: None
exitstatus: None
flag_eof: True
pid: 260454
child_fd: 17
closed: False
timeout: 20.0
delimiter: <class 'pexpect.exceptions.EOF'>
logfile: None
logfile_read: None
logfile_send: None
maxread: 2000
ignorecase: False
searchwindowsize: None
delaybeforesend: 0.05
delayafterclose: 0.1
delayafterterminate: 0.1
searcher: searcher_string:
    0: 'pxh>'
[15:32:57] write_IOTrust_with_mid_failures/i1: goto_offset N15.0 E81.0 -> 37.4121402,-121.9967508 alt 46.00 (AMSL)
[15:33:01] write_IOTrust_with_mid_failures/i1: goto_offset N0.0 E81.0 -> 37.4120055,-121.9967508 alt 46.00 (AMSL)
[15:33:05] write_IOTrust_with_mid_failures/i1: goto_offset N0.0 E63.0 -> 37.4120055,-121.9969544 alt 46.00 (AMSL)
[15:33:10] write_IOTrust_with_mid_failures/i1: goto_offset N-15.0 E81.0 -> 37.4118708,-121.9967508 alt 46.00 (AMSL)
[15:33:14] write_IOTrust_with_mid_failures/i1: goto_offset N0.0 E84.0 -> 37.4120055,-121.9967169 alt 46.00 (AMSL)
[15:33:16] write_IOTrust_with_mid_failures/i1: goto_offset N15.0 E87.0 -> 37.4121402,-121.9966830 alt 46.00 (AMSL)
[15:33:20] write_IOTrust_with_mid_failures/i1: goto_offset N-15.0 E87.0 -> 37.4118708,-121.9966830 alt 46.00 (AMSL)
[15:33:24] write_IOTrust_with_mid_failures/i1: goto_offset N-15.0 E105.0 -> 37.4118708,-121.9964794 alt 46.00 (AMSL)
[15:33:28] write_IOTrust_with_mid_failures/i1: goto_offset N15.0 E105.0 -> 37.4121402,-121.9964794 alt 46.00 (AMSL)
[15:33:32] write_IOTrust_with_mid_failures/i1: goto_offset N15.0 E114.0 -> 37.4121402,-121.9963776 alt 46.00 (AMSL)
[15:33:36] write_IOTrust_with_mid_failures/i1: goto_offset N15.0 E126.0 -> 37.4121402,-121.9962419 alt 46.00 (AMSL)
[15:33:40] write_IOTrust_with_mid_failures/i1: goto_offset N0.0 E126.0 -> 37.4120055,-121.9962419 alt 46.00 (AMSL)
[15:33:44] write_IOTrust_with_mid_failures/i1: goto_offset N0.0 E114.0 -> 37.4120055,-121.9963776 alt 46.00 (AMSL)
[15:33:48] write_IOTrust_with_mid_failures/i1: goto_offset N-15.0 E114.0 -> 37.4118708,-121.9963776 alt 46.00 (AMSL)
[15:33:52] write_IOTrust_with_mid_failures/i1: goto_offset N-15.0 E126.0 -> 37.4118708,-121.9962419 alt 46.00 (AMSL)
[15:33:56] write_IOTrust_with_mid_failures/i1: goto_offset N0.0 E132.0 -> 37.4120055,-121.9961740 alt 46.00 (AMSL)
[15:34:00] write_IOTrust_with_mid_failures/i1: goto_offset N15.0 E138.0 -> 37.4121402,-121.9961062 alt 46.00 (AMSL)
[15:34:04] write_IOTrust_with_mid_failures/i1: goto_offset N15.0 E150.0 -> 37.4121402,-121.9959705 alt 46.00 (AMSL)
[15:34:10] write_IOTrust_with_mid_failures/i1: goto_offset N-15.0 E144.0 -> 37.4118708,-121.9960383 alt 46.00 (AMSL)
[15:34:18] write_IOTrust_with_mid_failures/i1: land
[15:34:18] write_IOTrust_with_mid_failures/i1: EXPECT final_mode=LAND -> True (got LAND)
[15:35:46] write_IOTrust_with_mid_failures/i1: connecting...
[15:35:47] write_IOTrust_with_mid_failures/i1: connected
[15:35:47] write_IOTrust_with_mid_failures/i1: armed
[15:35:48] write_IOTrust_with_mid_failures/i1: takeoff to 46.0 m
[15:35:53] write_IOTrust_with_mid_failures/i1: goto_offset N15.0 E0.0 -> 37.4121334,-121.9969162 alt 46.00 (AMSL)
[15:35:59] write_IOTrust_with_mid_failures/i1: goto_offset N-15.0 E0.0 -> 37.4118640,-121.9969162 alt 46.00 (AMSL)
[15:36:03] write_IOTrust_with_mid_failures/i1: goto_offset N-15.0 E15.0 -> 37.4118640,-121.9967466 alt 46.00 (AMSL)
[15:36:07] write_IOTrust_with_mid_failures/i1: goto_offset N-15.0 E33.0 -> 37.4118640,-121.9965430 alt 46.00 (AMSL)
[15:36:08] write_IOTrust_with_mid_failures/i1: pxh error: End Of File (EOF). Exception style platform.
<pexpect.pty_spawn.spawn object at 0x7ff55504b310>
command: /usr/bin/python3
args: [b'/usr/bin/python3', b'/home/iotrust/ResearchFall2025/Simulators/PX4-Autopilot/Tools/mavlink_shell.py', b'14541']
buffer (last 100 chars): ''
before (last 100 chars): "SerialException: [Errno 2] could not open port 14541: [Errno 2] No such file or directory: '14541'\r\n"
after: <class 'pexpect.exceptions.EOF'>
match: None
match_index: None
exitstatus: None
flag_eof: True
pid: 262272
child_fd: 16
closed: False
timeout: 20.0
delimiter: <class 'pexpect.exceptions.EOF'>
logfile: None
logfile_read: None
logfile_send: None
maxread: 2000
ignorecase: False
searchwindowsize: None
delaybeforesend: 0.05
delayafterclose: 0.1
delayafterterminate: 0.1
searcher: searcher_string:
    0: 'pxh>'
[15:36:09] write_IOTrust_with_mid_failures/i1: pxh error: End Of File (EOF). Exception style platform.
<pexpect.pty_spawn.spawn object at 0x7ff55504b250>
command: /usr/bin/python3
args: [b'/usr/bin/python3', b'/home/iotrust/ResearchFall2025/Simulators/PX4-Autopilot/Tools/mavlink_shell.py', b'14541']
buffer (last 100 chars): ''
before (last 100 chars): "SerialException: [Errno 2] could not open port 14541: [Errno 2] No such file or directory: '14541'\r\n"
after: <class 'pexpect.exceptions.EOF'>
match: None
match_index: None
exitstatus: None
flag_eof: True
pid: 262332
child_fd: 17
closed: False
timeout: 20.0
delimiter: <class 'pexpect.exceptions.EOF'>
logfile: None
logfile_read: None
logfile_send: None
maxread: 2000
ignorecase: False
searchwindowsize: None
delaybeforesend: 0.05
delayafterclose: 0.1
delayafterterminate: 0.1
searcher: searcher_string:
    0: 'pxh>'
[15:36:11] write_IOTrust_with_mid_failures/i1: goto_offset N15.0 E33.0 -> 37.4121334,-121.9965430 alt 46.00 (AMSL)
[15:36:15] write_IOTrust_with_mid_failures/i1: goto_offset N15.0 E15.0 -> 37.4121334,-121.9967466 alt 46.00 (AMSL)
[15:36:19] write_IOTrust_with_mid_failures/i1: goto_offset N-15.0 E15.0 -> 37.4118640,-121.9967466 alt 46.00 (AMSL)
[15:36:23] write_IOTrust_with_mid_failures/i1: goto_offset N15.0 E15.0 -> 37.4121334,-121.9967466 alt 46.00 (AMSL)
[15:36:27] write_IOTrust_with_mid_failures/i1: goto_offset N15.0 E39.0 -> 37.4121334,-121.9964751 alt 46.00 (AMSL)
[15:36:31] write_IOTrust_with_mid_failures/i1: goto_offset N15.0 E57.0 -> 37.4121334,-121.9962716 alt 46.00 (AMSL)
[15:36:38] write_IOTrust_with_mid_failures/i1: goto_offset N-15.0 E48.0 -> 37.4118640,-121.9963733 alt 46.00 (AMSL)
[15:36:42] write_IOTrust_with_mid_failures/i1: goto_offset N-15.0 E63.0 -> 37.4118640,-121.9962037 alt 46.00 (AMSL)
[15:36:46] write_IOTrust_with_mid_failures/i1: goto_offset N15.0 E63.0 -> 37.4121334,-121.9962037 alt 46.00 (AMSL)
[15:36:47] write_IOTrust_with_mid_failures/i1: pxh error: End Of File (EOF). Exception style platform.
<pexpect.pty_spawn.spawn object at 0x7ff55504b370>
command: /usr/bin/python3
args: [b'/usr/bin/python3', b'/home/iotrust/ResearchFall2025/Simulators/PX4-Autopilot/Tools/mavlink_shell.py', b'14541']
buffer (last 100 chars): ''
before (last 100 chars): "SerialException: [Errno 2] could not open port 14541: [Errno 2] No such file or directory: '14541'\r\n"
after: <class 'pexpect.exceptions.EOF'>
match: None
match_index: None
exitstatus: None
flag_eof: True
pid: 262777
child_fd: 16
closed: False
timeout: 20.0
delimiter: <class 'pexpect.exceptions.EOF'>
logfile: None
logfile_read: None
logfile_send: None
maxread: 2000
ignorecase: False
searchwindowsize: None
delaybeforesend: 0.05
delayafterclose: 0.1
delayafterterminate: 0.1
searcher: searcher_string:
    0: 'pxh>'
[15:36:48] write_IOTrust_with_mid_failures/i1: pxh error: End Of File (EOF). Exception style platform.
<pexpect.pty_spawn.spawn object at 0x7ff55504b460>
command: /usr/bin/python3
args: [b'/usr/bin/python3', b'/home/iotrust/ResearchFall2025/Simulators/PX4-Autopilot/Tools/mavlink_shell.py', b'14541']
buffer (last 100 chars): ''
before (last 100 chars): "SerialException: [Errno 2] could not open port 14541: [Errno 2] No such file or directory: '14541'\r\n"
after: <class 'pexpect.exceptions.EOF'>
match: None
match_index: None
exitstatus: None
flag_eof: True
pid: 262828
child_fd: 17
closed: False
timeout: 20.0
delimiter: <class 'pexpect.exceptions.EOF'>
logfile: None
logfile_read: None
logfile_send: None
maxread: 2000
ignorecase: False
searchwindowsize: None
delaybeforesend: 0.05
delayafterclose: 0.1
delayafterterminate: 0.1
searcher: searcher_string:
    0: 'pxh>'
[15:36:52] write_IOTrust_with_mid_failures/i1: goto_offset N15.0 E81.0 -> 37.4121334,-121.9960001 alt 46.00 (AMSL)
[15:36:56] write_IOTrust_with_mid_failures/i1: goto_offset N0.0 E81.0 -> 37.4119987,-121.9960001 alt 46.00 (AMSL)
[15:37:00] write_IOTrust_with_mid_failures/i1: goto_offset N0.0 E63.0 -> 37.4119987,-121.9962037 alt 46.00 (AMSL)
[15:37:04] write_IOTrust_with_mid_failures/i1: goto_offset N-15.0 E81.0 -> 37.4118640,-121.9960001 alt 46.00 (AMSL)
[15:37:08] write_IOTrust_with_mid_failures/i1: goto_offset N0.0 E84.0 -> 37.4119987,-121.9959662 alt 46.00 (AMSL)
[15:37:10] write_IOTrust_with_mid_failures/i1: goto_offset N15.0 E87.0 -> 37.4121334,-121.9959323 alt 46.00 (AMSL)
[15:37:14] write_IOTrust_with_mid_failures/i1: goto_offset N-15.0 E87.0 -> 37.4118640,-121.9959323 alt 46.00 (AMSL)
[15:37:18] write_IOTrust_with_mid_failures/i1: goto_offset N-15.0 E105.0 -> 37.4118640,-121.9957287 alt 46.00 (AMSL)
[15:37:22] write_IOTrust_with_mid_failures/i1: goto_offset N15.0 E105.0 -> 37.4121334,-121.9957287 alt 46.00 (AMSL)
[15:37:26] write_IOTrust_with_mid_failures/i1: goto_offset N15.0 E114.0 -> 37.4121334,-121.9956269 alt 46.00 (AMSL)
[15:37:30] write_IOTrust_with_mid_failures/i1: goto_offset N15.0 E126.0 -> 37.4121334,-121.9954912 alt 46.00 (AMSL)
[15:37:34] write_IOTrust_with_mid_failures/i1: goto_offset N0.0 E126.0 -> 37.4119987,-121.9954912 alt 46.00 (AMSL)
[15:37:38] write_IOTrust_with_mid_failures/i1: goto_offset N0.0 E114.0 -> 37.4119987,-121.9956269 alt 46.00 (AMSL)
[15:37:42] write_IOTrust_with_mid_failures/i1: goto_offset N-15.0 E114.0 -> 37.4118640,-121.9956269 alt 46.00 (AMSL)
[15:37:46] write_IOTrust_with_mid_failures/i1: goto_offset N-15.0 E126.0 -> 37.4118640,-121.9954912 alt 46.00 (AMSL)
[15:37:50] write_IOTrust_with_mid_failures/i1: goto_offset N0.0 E132.0 -> 37.4119987,-121.9954233 alt 46.00 (AMSL)
[15:37:54] write_IOTrust_with_mid_failures/i1: goto_offset N15.0 E138.0 -> 37.4121334,-121.9953555 alt 46.00 (AMSL)
[15:37:58] write_IOTrust_with_mid_failures/i1: goto_offset N15.0 E150.0 -> 37.4121334,-121.9952198 alt 46.00 (AMSL)
[15:38:05] write_IOTrust_with_mid_failures/i1: goto_offset N-15.0 E144.0 -> 37.4118640,-121.9952876 alt 46.00 (AMSL)
[15:38:12] write_IOTrust_with_mid_failures/i1: land
[15:38:13] write_IOTrust_with_mid_failures/i1: EXPECT final_mode=LAND -> True (got LAND)
