[16:59:01] IO_with_all_failures/i1: connecting...
[16:59:02] IO_with_all_failures/i1: connected
[16:59:02] IO_with_all_failures/i1: armed
[16:59:03] IO_with_all_failures/i1: takeoff to 46.0 m
[16:59:09] IO_with_all_failures/i1: goto_offset N12.0 E-23.0 -> 37.4121768,-121.9972417 alt 46.00 (AMSL)
[16:59:15] IO_with_all_failures/i1: goto_offset N12.0 E-7.0 -> 37.4121768,-121.9970608 alt 46.00 (AMSL)
[16:59:16] IO_with_all_failures/i1: pxh error: End Of File (EOF). Exception style platform.
<pexpect.pty_spawn.spawn object at 0x77449a87f550>
command: /usr/bin/python3
args: [b'/usr/bin/python3', b'/home/iotrust/ResearchFall2025/Simulators/PX4-Autopilot/Tools/mavlink_shell.py', b'14541']
buffer (last 100 chars): ''
before (last 100 chars): "SerialException: [Errno 2] could not open port 14541: [Errno 2] No such file or directory: '14541'\r\n"
after: <class 'pexpect.exceptions.EOF'>
match: None
match_index: None
exitstatus: None
flag_eof: True
pid: 291963
child_fd: 16
closed: False
timeout: 20.0
delimiter: <class 'pexpect.exceptions.EOF'>
logfile: None
logfile_read: None
logfile_send: None
maxread: 2000
ignorecase: False
searchwindowsize: None
delaybeforesend: 0.05
delayafterclose: 0.1
delayafterterminate: 0.1
searcher: searcher_string:
    0: 'pxh>'
[16:59:18] IO_with_all_failures/i1: pxh error: End Of File (EOF). Exception style platform.
<pexpect.pty_spawn.spawn object at 0x77449a87fb50>
command: /usr/bin/python3
args: [b'/usr/bin/python3', b'/home/iotrust/ResearchFall2025/Simulators/PX4-Autopilot/Tools/mavlink_shell.py', b'14541']
buffer (last 100 chars): ''
before (last 100 chars): "SerialException: [Errno 2] could not open port 14541: [Errno 2] No such file or directory: '14541'\r\n"
after: <class 'pexpect.exceptions.EOF'>
match: None
match_index: None
exitstatus: None
flag_eof: True
pid: 292044
child_fd: 17
closed: False
timeout: 20.0
delimiter: <class 'pexpect.exceptions.EOF'>
logfile: None
logfile_read: None
logfile_send: None
maxread: 2000
ignorecase: False
searchwindowsize: None
delaybeforesend: 0.05
delayafterclose: 0.1
delayafterterminate: 0.1
searcher: searcher_string:
    0: 'pxh>'
[16:59:21] IO_with_all_failures/i1: goto_offset N12.0 E-15.0 -> 37.4121768,-121.9971512 alt 46.00 (AMSL)
[16:59:25] IO_with_all_failures/i1: goto_offset N-12.0 E-15.0 -> 37.4119612,-121.9971512 alt 46.00 (AMSL)
[16:59:26] IO_with_all_failures/i1: pxh error: End Of File (EOF). Exception style platform.
<pexpect.pty_spawn.spawn object at 0x77449a87f250>
command: /usr/bin/python3
args: [b'/usr/bin/python3', b'/home/iotrust/ResearchFall2025/Simulators/PX4-Autopilot/Tools/mavlink_shell.py', b'14541']
buffer (last 100 chars): ''
before (last 100 chars): "SerialException: [Errno 2] could not open port 14541: [Errno 2] No such file or directory: '14541'\r\n"
after: <class 'pexpect.exceptions.EOF'>
match: None
match_index: None
exitstatus: None
flag_eof: True
pid: 292157
child_fd: 16
closed: False
timeout: 20.0
delimiter: <class 'pexpect.exceptions.EOF'>
logfile: None
logfile_read: None
logfile_send: None
maxread: 2000
ignorecase: False
searchwindowsize: None
delaybeforesend: 0.05
delayafterclose: 0.1
delayafterterminate: 0.1
searcher: searcher_string:
    0: 'pxh>'
[16:59:27] IO_with_all_failures/i1: pxh error: End Of File (EOF). Exception style platform.
<pexpect.pty_spawn.spawn object at 0x77449a87ef80>
command: /usr/bin/python3
args: [b'/usr/bin/python3', b'/home/iotrust/ResearchFall2025/Simulators/PX4-Autopilot/Tools/mavlink_shell.py', b'14541']
buffer (last 100 chars): ''
before (last 100 chars): "SerialException: [Errno 2] could not open port 14541: [Errno 2] No such file or directory: '14541'\r\n"
after: <class 'pexpect.exceptions.EOF'>
match: None
match_index: None
exitstatus: None
flag_eof: True
pid: 292227
child_fd: 17
closed: False
timeout: 20.0
delimiter: <class 'pexpect.exceptions.EOF'>
logfile: None
logfile_read: None
logfile_send: None
maxread: 2000
ignorecase: False
searchwindowsize: None
delaybeforesend: 0.05
delayafterclose: 0.1
delayafterterminate: 0.1
searcher: searcher_string:
    0: 'pxh>'
[16:59:32] IO_with_all_failures/i1: goto_offset N-12.0 E-23.0 -> 37.4119612,-121.9972417 alt 46.00 (AMSL)
[16:59:36] IO_with_all_failures/i1: goto_offset N-12.0 E-7.0 -> 37.4119612,-121.9970608 alt 46.00 (AMSL)
[16:59:36] IO_with_all_failures/i1: pxh error: End Of File (EOF). Exception style platform.
<pexpect.pty_spawn.spawn object at 0x77449a87f310>
command: /usr/bin/python3
args: [b'/usr/bin/python3', b'/home/iotrust/ResearchFall2025/Simulators/PX4-Autopilot/Tools/mavlink_shell.py', b'14541']
buffer (last 100 chars): ''
before (last 100 chars): "SerialException: [Errno 2] could not open port 14541: [Errno 2] No such file or directory: '14541'\r\n"
after: <class 'pexpect.exceptions.EOF'>
match: None
match_index: None
exitstatus: None
flag_eof: True
pid: 292354
child_fd: 18
closed: False
timeout: 20.0
delimiter: <class 'pexpect.exceptions.EOF'>
logfile: None
logfile_read: None
logfile_send: None
maxread: 2000
ignorecase: False
searchwindowsize: None
delaybeforesend: 0.05
delayafterclose: 0.1
delayafterterminate: 0.1
searcher: searcher_string:
    0: 'pxh>'
[16:59:37] IO_with_all_failures/i1: pxh error: End Of File (EOF). Exception style platform.
<pexpect.pty_spawn.spawn object at 0x77449a8b87c0>
command: /usr/bin/python3
args: [b'/usr/bin/python3', b'/home/iotrust/ResearchFall2025/Simulators/PX4-Autopilot/Tools/mavlink_shell.py', b'14541']
buffer (last 100 chars): ''
before (last 100 chars): "SerialException: [Errno 2] could not open port 14541: [Errno 2] No such file or directory: '14541'\r\n"
after: <class 'pexpect.exceptions.EOF'>
match: None
match_index: None
exitstatus: None
flag_eof: True
pid: 292429
child_fd: 19
closed: False
timeout: 20.0
delimiter: <class 'pexpect.exceptions.EOF'>
logfile: None
logfile_read: None
logfile_send: None
maxread: 2000
ignorecase: False
searchwindowsize: None
delaybeforesend: 0.05
delayafterclose: 0.1
delayafterterminate: 0.1
searcher: searcher_string:
    0: 'pxh>'
[16:59:42] IO_with_all_failures/i1: goto_offset N-12.0 E7.0 -> 37.4119612,-121.9969024 alt 46.00 (AMSL)
[16:59:42] IO_with_all_failures/i1: pxh error: End Of File (EOF). Exception style platform.
<pexpect.pty_spawn.spawn object at 0x77449a87f520>
command: /usr/bin/python3
args: [b'/usr/bin/python3', b'/home/iotrust/ResearchFall2025/Simulators/PX4-Autopilot/Tools/mavlink_shell.py', b'14541']
buffer (last 100 chars): ''
before (last 100 chars): "SerialException: [Errno 2] could not open port 14541: [Errno 2] No such file or directory: '14541'\r\n"
after: <class 'pexpect.exceptions.EOF'>
match: None
match_index: None
exitstatus: None
flag_eof: True
pid: 292532
child_fd: 20
closed: False
timeout: 20.0
delimiter: <class 'pexpect.exceptions.EOF'>
logfile: None
logfile_read: None
logfile_send: None
maxread: 2000
ignorecase: False
searchwindowsize: None
delaybeforesend: 0.05
delayafterclose: 0.1
delayafterterminate: 0.1
searcher: searcher_string:
    0: 'pxh>'
[16:59:44] IO_with_all_failures/i1: pxh error: End Of File (EOF). Exception style platform.
<pexpect.pty_spawn.spawn object at 0x77449a8b9090>
command: /usr/bin/python3
args: [b'/usr/bin/python3', b'/home/iotrust/ResearchFall2025/Simulators/PX4-Autopilot/Tools/mavlink_shell.py', b'14541']
buffer (last 100 chars): ''
before (last 100 chars): "SerialException: [Errno 2] could not open port 14541: [Errno 2] No such file or directory: '14541'\r\n"
after: <class 'pexpect.exceptions.EOF'>
match: None
match_index: None
exitstatus: None
flag_eof: True
pid: 292606
child_fd: 21
closed: False
timeout: 20.0
delimiter: <class 'pexpect.exceptions.EOF'>
logfile: None
logfile_read: None
logfile_send: None
maxread: 2000
ignorecase: False
searchwindowsize: None
delaybeforesend: 0.05
delayafterclose: 0.1
delayafterterminate: 0.1
searcher: searcher_string:
    0: 'pxh>'
[16:59:48] IO_with_all_failures/i1: goto_offset N12.0 E7.0 -> 37.4121768,-121.9969024 alt 46.00 (AMSL)
[16:59:50] IO_with_all_failures/i1: pxh error: End Of File (EOF). Exception style platform.
<pexpect.pty_spawn.spawn object at 0x77449a87fee0>
command: /usr/bin/python3
args: [b'/usr/bin/python3', b'/home/iotrust/ResearchFall2025/Simulators/PX4-Autopilot/Tools/mavlink_shell.py', b'14541']
buffer (last 100 chars): ''
before (last 100 chars): "SerialException: [Errno 2] could not open port 14541: [Errno 2] No such file or directory: '14541'\r\n"
after: <class 'pexpect.exceptions.EOF'>
match: None
match_index: None
exitstatus: None
flag_eof: True
pid: 292715
child_fd: 16
closed: False
timeout: 20.0
delimiter: <class 'pexpect.exceptions.EOF'>
logfile: None
logfile_read: None
logfile_send: None
maxread: 2000
ignorecase: False
searchwindowsize: None
delaybeforesend: 0.05
delayafterclose: 0.1
delayafterterminate: 0.1
searcher: searcher_string:
    0: 'pxh>'
[16:59:52] IO_with_all_failures/i1: pxh error: End Of File (EOF). Exception style platform.
<pexpect.pty_spawn.spawn object at 0x77449a87ee90>
command: /usr/bin/python3
args: [b'/usr/bin/python3', b'/home/iotrust/ResearchFall2025/Simulators/PX4-Autopilot/Tools/mavlink_shell.py', b'14541']
buffer (last 100 chars): ''
before (last 100 chars): "SerialException: [Errno 2] could not open port 14541: [Errno 2] No such file or directory: '14541'\r\n"
after: <class 'pexpect.exceptions.EOF'>
match: None
match_index: None
exitstatus: None
flag_eof: True
pid: 292789
child_fd: 17
closed: False
timeout: 20.0
delimiter: <class 'pexpect.exceptions.EOF'>
logfile: None
logfile_read: None
logfile_send: None
maxread: 2000
ignorecase: False
searchwindowsize: None
delaybeforesend: 0.05
delayafterclose: 0.1
delayafterterminate: 0.1
searcher: searcher_string:
    0: 'pxh>'
[16:59:56] IO_with_all_failures/i1: goto_offset N12.0 E23.0 -> 37.4121768,-121.9967215 alt 46.00 (AMSL)
[17:00:01] IO_with_all_failures/i1: pxh error: End Of File (EOF). Exception style platform.
<pexpect.pty_spawn.spawn object at 0x77449a87e9b0>
command: /usr/bin/python3
args: [b'/usr/bin/python3', b'/home/iotrust/ResearchFall2025/Simulators/PX4-Autopilot/Tools/mavlink_shell.py', b'14541']
buffer (last 100 chars): ''
before (last 100 chars): "SerialException: [Errno 2] could not open port 14541: [Errno 2] No such file or directory: '14541'\r\n"
after: <class 'pexpect.exceptions.EOF'>
match: None
match_index: None
exitstatus: None
flag_eof: True
pid: 292921
child_fd: 18
closed: False
timeout: 20.0
delimiter: <class 'pexpect.exceptions.EOF'>
logfile: None
logfile_read: None
logfile_send: None
maxread: 2000
ignorecase: False
searchwindowsize: None
delaybeforesend: 0.05
delayafterclose: 0.1
delayafterterminate: 0.1
searcher: searcher_string:
    0: 'pxh>'
[17:00:01] IO_with_all_failures/i1: pxh error: End Of File (EOF). Exception style platform.
<pexpect.pty_spawn.spawn object at 0x77449a8b8d60>
command: /usr/bin/python3
args: [b'/usr/bin/python3', b'/home/iotrust/ResearchFall2025/Simulators/PX4-Autopilot/Tools/mavlink_shell.py', b'14541']
buffer (last 100 chars): ''
before (last 100 chars): "SerialException: [Errno 2] could not open port 14541: [Errno 2] No such file or directory: '14541'\r\n"
after: <class 'pexpect.exceptions.EOF'>
match: None
match_index: None
exitstatus: None
flag_eof: True
pid: 292971
child_fd: 19
closed: False
timeout: 20.0
delimiter: <class 'pexpect.exceptions.EOF'>
logfile: None
logfile_read: None
logfile_send: None
maxread: 2000
ignorecase: False
searchwindowsize: None
delaybeforesend: 0.05
delayafterclose: 0.1
delayafterterminate: 0.1
searcher: searcher_string:
    0: 'pxh>'
[17:00:04] IO_with_all_failures/i1: goto_offset N-12.0 E23.0 -> 37.4119612,-121.9967215 alt 46.00 (AMSL)
[17:00:08] IO_with_all_failures/i1: pxh error: End Of File (EOF). Exception style platform.
<pexpect.pty_spawn.spawn object at 0x77449a87fd30>
command: /usr/bin/python3
args: [b'/usr/bin/python3', b'/home/iotrust/ResearchFall2025/Simulators/PX4-Autopilot/Tools/mavlink_shell.py', b'14541']
buffer (last 100 chars): ''
before (last 100 chars): "SerialException: [Errno 2] could not open port 14541: [Errno 2] No such file or directory: '14541'\r\n"
after: <class 'pexpect.exceptions.EOF'>
match: None
match_index: None
exitstatus: None
flag_eof: True
pid: 293132
child_fd: 20
closed: False
timeout: 20.0
delimiter: <class 'pexpect.exceptions.EOF'>
logfile: None
logfile_read: None
logfile_send: None
maxread: 2000
ignorecase: False
searchwindowsize: None
delaybeforesend: 0.05
delayafterclose: 0.1
delayafterterminate: 0.1
searcher: searcher_string:
    0: 'pxh>'
[17:00:08] IO_with_all_failures/i1: pxh error: End Of File (EOF). Exception style platform.
<pexpect.pty_spawn.spawn object at 0x77449a8b8580>
command: /usr/bin/python3
args: [b'/usr/bin/python3', b'/home/iotrust/ResearchFall2025/Simulators/PX4-Autopilot/Tools/mavlink_shell.py', b'14541']
buffer (last 100 chars): ''
before (last 100 chars): "SerialException: [Errno 2] could not open port 14541: [Errno 2] No such file or directory: '14541'\r\n"
after: <class 'pexpect.exceptions.EOF'>
match: None
match_index: None
exitstatus: None
flag_eof: True
pid: 293182
child_fd: 22
closed: False
timeout: 20.0
delimiter: <class 'pexpect.exceptions.EOF'>
logfile: None
logfile_read: None
logfile_send: None
maxread: 2000
ignorecase: False
searchwindowsize: None
delaybeforesend: 0.05
delayafterclose: 0.1
delayafterterminate: 0.1
searcher: searcher_string:
    0: 'pxh>'
[17:00:13] IO_with_all_failures/i1: goto_offset N-12.0 E7.0 -> 37.4119612,-121.9969024 alt 46.00 (AMSL)
[17:00:22] IO_with_all_failures/i1: land
[17:00:23] IO_with_all_failures/i1: EXPECT final_mode=LAND -> True (got LAND)
[17:01:07] IO_with_all_failures/i1: connecting...
[17:01:09] IO_with_all_failures/i1: connected
[17:01:09] IO_with_all_failures/i1: armed
[17:01:10] IO_with_all_failures/i1: takeoff to 46.0 m
[17:01:15] IO_with_all_failures/i1: goto_offset N12.0 E-23.0 -> 37.4120696,-121.9971622 alt 46.00 (AMSL)
[17:01:21] IO_with_all_failures/i1: goto_offset N12.0 E-7.0 -> 37.4120696,-121.9969813 alt 46.00 (AMSL)
[17:01:23] IO_with_all_failures/i1: pxh error: End Of File (EOF). Exception style platform.
<pexpect.pty_spawn.spawn object at 0x793e7267eb90>
command: /usr/bin/python3
args: [b'/usr/bin/python3', b'/home/iotrust/ResearchFall2025/Simulators/PX4-Autopilot/Tools/mavlink_shell.py', b'14541']
buffer (last 100 chars): ''
before (last 100 chars): "SerialException: [Errno 2] could not open port 14541: [Errno 2] No such file or directory: '14541'\r\n"
after: <class 'pexpect.exceptions.EOF'>
match: None
match_index: None
exitstatus: None
flag_eof: True
pid: 294008
child_fd: 16
closed: False
timeout: 20.0
delimiter: <class 'pexpect.exceptions.EOF'>
logfile: None
logfile_read: None
logfile_send: None
maxread: 2000
ignorecase: False
searchwindowsize: None
delaybeforesend: 0.05
delayafterclose: 0.1
delayafterterminate: 0.1
searcher: searcher_string:
    0: 'pxh>'
[17:01:24] IO_with_all_failures/i1: pxh error: End Of File (EOF). Exception style platform.
<pexpect.pty_spawn.spawn object at 0x793e7267fc10>
command: /usr/bin/python3
args: [b'/usr/bin/python3', b'/home/iotrust/ResearchFall2025/Simulators/PX4-Autopilot/Tools/mavlink_shell.py', b'14541']
buffer (last 100 chars): ''
before (last 100 chars): "SerialException: [Errno 2] could not open port 14541: [Errno 2] No such file or directory: '14541'\r\n"
after: <class 'pexpect.exceptions.EOF'>
match: None
match_index: None
exitstatus: None
flag_eof: True
pid: 294065
child_fd: 17
closed: False
timeout: 20.0
delimiter: <class 'pexpect.exceptions.EOF'>
logfile: None
logfile_read: None
logfile_send: None
maxread: 2000
ignorecase: False
searchwindowsize: None
delaybeforesend: 0.05
delayafterclose: 0.1
delayafterterminate: 0.1
searcher: searcher_string:
    0: 'pxh>'
[17:01:27] IO_with_all_failures/i1: goto_offset N12.0 E-15.0 -> 37.4120696,-121.9970717 alt 46.00 (AMSL)
[17:01:31] IO_with_all_failures/i1: goto_offset N-12.0 E-15.0 -> 37.4118540,-121.9970717 alt 46.00 (AMSL)
[17:01:33] IO_with_all_failures/i1: pxh error: End Of File (EOF). Exception style platform.
<pexpect.pty_spawn.spawn object at 0x793e7267fd60>
command: /usr/bin/python3
args: [b'/usr/bin/python3', b'/home/iotrust/ResearchFall2025/Simulators/PX4-Autopilot/Tools/mavlink_shell.py', b'14541']
buffer (last 100 chars): ''
before (last 100 chars): "SerialException: [Errno 2] could not open port 14541: [Errno 2] No such file or directory: '14541'\r\n"
after: <class 'pexpect.exceptions.EOF'>
match: None
match_index: None
exitstatus: None
flag_eof: True
pid: 294197
child_fd: 16
closed: False
timeout: 20.0
delimiter: <class 'pexpect.exceptions.EOF'>
logfile: None
logfile_read: None
logfile_send: None
maxread: 2000
ignorecase: False
searchwindowsize: None
delaybeforesend: 0.05
delayafterclose: 0.1
delayafterterminate: 0.1
searcher: searcher_string:
    0: 'pxh>'
[17:01:34] IO_with_all_failures/i1: pxh error: End Of File (EOF). Exception style platform.
<pexpect.pty_spawn.spawn object at 0x793e7267edd0>
command: /usr/bin/python3
args: [b'/usr/bin/python3', b'/home/iotrust/ResearchFall2025/Simulators/PX4-Autopilot/Tools/mavlink_shell.py', b'14541']
buffer (last 100 chars): ''
before (last 100 chars): "SerialException: [Errno 2] could not open port 14541: [Errno 2] No such file or directory: '14541'\r\n"
after: <class 'pexpect.exceptions.EOF'>
match: None
match_index: None
exitstatus: None
flag_eof: True
pid: 294254
child_fd: 17
closed: False
timeout: 20.0
delimiter: <class 'pexpect.exceptions.EOF'>
logfile: None
logfile_read: None
logfile_send: None
maxread: 2000
ignorecase: False
searchwindowsize: None
delaybeforesend: 0.05
delayafterclose: 0.1
delayafterterminate: 0.1
searcher: searcher_string:
    0: 'pxh>'
[17:01:37] IO_with_all_failures/i1: goto_offset N-12.0 E-23.0 -> 37.4118540,-121.9971622 alt 46.00 (AMSL)
[17:01:41] IO_with_all_failures/i1: goto_offset N-12.0 E-7.0 -> 37.4118540,-121.9969813 alt 46.00 (AMSL)
[17:01:43] IO_with_all_failures/i1: pxh error: End Of File (EOF). Exception style platform.
<pexpect.pty_spawn.spawn object at 0x793e7267f370>
command: /usr/bin/python3
args: [b'/usr/bin/python3', b'/home/iotrust/ResearchFall2025/Simulators/PX4-Autopilot/Tools/mavlink_shell.py', b'14541']
buffer (last 100 chars): ''
before (last 100 chars): "SerialException: [Errno 2] could not open port 14541: [Errno 2] No such file or directory: '14541'\r\n"
after: <class 'pexpect.exceptions.EOF'>
match: None
match_index: None
exitstatus: None
flag_eof: True
pid: 294394
child_fd: 18
closed: False
timeout: 20.0
delimiter: <class 'pexpect.exceptions.EOF'>
logfile: None
logfile_read: None
logfile_send: None
maxread: 2000
ignorecase: False
searchwindowsize: None
delaybeforesend: 0.05
delayafterclose: 0.1
delayafterterminate: 0.1
searcher: searcher_string:
    0: 'pxh>'
[17:01:44] IO_with_all_failures/i1: pxh error: End Of File (EOF). Exception style platform.
<pexpect.pty_spawn.spawn object at 0x793e7267fa00>
command: /usr/bin/python3
args: [b'/usr/bin/python3', b'/home/iotrust/ResearchFall2025/Simulators/PX4-Autopilot/Tools/mavlink_shell.py', b'14541']
buffer (last 100 chars): ''
before (last 100 chars): "SerialException: [Errno 2] could not open port 14541: [Errno 2] No such file or directory: '14541'\r\n"
after: <class 'pexpect.exceptions.EOF'>
match: None
match_index: None
exitstatus: None
flag_eof: True
pid: 294456
child_fd: 19
closed: False
timeout: 20.0
delimiter: <class 'pexpect.exceptions.EOF'>
logfile: None
logfile_read: None
logfile_send: None
maxread: 2000
ignorecase: False
searchwindowsize: None
delaybeforesend: 0.05
delayafterclose: 0.1
delayafterterminate: 0.1
searcher: searcher_string:
    0: 'pxh>'
[17:01:47] IO_with_all_failures/i1: goto_offset N-12.0 E7.0 -> 37.4118540,-121.9968229 alt 46.00 (AMSL)
[17:01:49] IO_with_all_failures/i1: pxh error: End Of File (EOF). Exception style platform.
<pexpect.pty_spawn.spawn object at 0x793e726b8e50>
command: /usr/bin/python3
args: [b'/usr/bin/python3', b'/home/iotrust/ResearchFall2025/Simulators/PX4-Autopilot/Tools/mavlink_shell.py', b'14541']
buffer (last 100 chars): ''
before (last 100 chars): "SerialException: [Errno 2] could not open port 14541: [Errno 2] No such file or directory: '14541'\r\n"
after: <class 'pexpect.exceptions.EOF'>
match: None
match_index: None
exitstatus: None
flag_eof: True
pid: 294565
child_fd: 20
closed: False
timeout: 20.0
delimiter: <class 'pexpect.exceptions.EOF'>
logfile: None
logfile_read: None
logfile_send: None
maxread: 2000
ignorecase: False
searchwindowsize: None
delaybeforesend: 0.05
delayafterclose: 0.1
delayafterterminate: 0.1
searcher: searcher_string:
    0: 'pxh>'
[17:01:51] IO_with_all_failures/i1: pxh error: End Of File (EOF). Exception style platform.
<pexpect.pty_spawn.spawn object at 0x793e726b9060>
command: /usr/bin/python3
args: [b'/usr/bin/python3', b'/home/iotrust/ResearchFall2025/Simulators/PX4-Autopilot/Tools/mavlink_shell.py', b'14541']
buffer (last 100 chars): ''
before (last 100 chars): "SerialException: [Errno 2] could not open port 14541: [Errno 2] No such file or directory: '14541'\r\n"
after: <class 'pexpect.exceptions.EOF'>
match: None
match_index: None
exitstatus: None
flag_eof: True
pid: 294627
child_fd: 16
closed: False
timeout: 20.0
delimiter: <class 'pexpect.exceptions.EOF'>
logfile: None
logfile_read: None
logfile_send: None
maxread: 2000
ignorecase: False
searchwindowsize: None
delaybeforesend: 0.05
delayafterclose: 0.1
delayafterterminate: 0.1
searcher: searcher_string:
    0: 'pxh>'
[17:01:53] IO_with_all_failures/i1: goto_offset N12.0 E7.0 -> 37.4120696,-121.9968229 alt 46.00 (AMSL)
[17:01:57] IO_with_all_failures/i1: pxh error: End Of File (EOF). Exception style platform.
<pexpect.pty_spawn.spawn object at 0x793e7267fe50>
command: /usr/bin/python3
args: [b'/usr/bin/python3', b'/home/iotrust/ResearchFall2025/Simulators/PX4-Autopilot/Tools/mavlink_shell.py', b'14541']
buffer (last 100 chars): ''
before (last 100 chars): "SerialException: [Errno 2] could not open port 14541: [Errno 2] No such file or directory: '14541'\r\n"
after: <class 'pexpect.exceptions.EOF'>
match: None
match_index: None
exitstatus: None
flag_eof: True
pid: 294731
child_fd: 17
closed: False
timeout: 20.0
delimiter: <class 'pexpect.exceptions.EOF'>
logfile: None
logfile_read: None
logfile_send: None
maxread: 2000
ignorecase: False
searchwindowsize: None
delaybeforesend: 0.05
delayafterclose: 0.1
delayafterterminate: 0.1
searcher: searcher_string:
    0: 'pxh>'
[17:01:58] IO_with_all_failures/i1: pxh error: End Of File (EOF). Exception style platform.
<pexpect.pty_spawn.spawn object at 0x793e7267f3a0>
command: /usr/bin/python3
args: [b'/usr/bin/python3', b'/home/iotrust/ResearchFall2025/Simulators/PX4-Autopilot/Tools/mavlink_shell.py', b'14541']
buffer (last 100 chars): ''
before (last 100 chars): "SerialException: [Errno 2] could not open port 14541: [Errno 2] No such file or directory: '14541'\r\n"
after: <class 'pexpect.exceptions.EOF'>
match: None
match_index: None
exitstatus: None
flag_eof: True
pid: 294794
child_fd: 18
closed: False
timeout: 20.0
delimiter: <class 'pexpect.exceptions.EOF'>
logfile: None
logfile_read: None
logfile_send: None
maxread: 2000
ignorecase: False
searchwindowsize: None
delaybeforesend: 0.05
delayafterclose: 0.1
delayafterterminate: 0.1
searcher: searcher_string:
    0: 'pxh>'
[17:02:01] IO_with_all_failures/i1: goto_offset N12.0 E23.0 -> 37.4120696,-121.9966420 alt 46.00 (AMSL)
[17:02:05] IO_with_all_failures/i1: pxh error: End Of File (EOF). Exception style platform.
<pexpect.pty_spawn.spawn object at 0x793e7267fa30>
command: /usr/bin/python3
args: [b'/usr/bin/python3', b'/home/iotrust/ResearchFall2025/Simulators/PX4-Autopilot/Tools/mavlink_shell.py', b'14541']
buffer (last 100 chars): ''
before (last 100 chars): "SerialException: [Errno 2] could not open port 14541: [Errno 2] No such file or directory: '14541'\r\n"
after: <class 'pexpect.exceptions.EOF'>
match: None
match_index: None
exitstatus: None
flag_eof: True
pid: 294915
child_fd: 19
closed: False
timeout: 20.0
delimiter: <class 'pexpect.exceptions.EOF'>
logfile: None
logfile_read: None
logfile_send: None
maxread: 2000
ignorecase: False
searchwindowsize: None
delaybeforesend: 0.05
delayafterclose: 0.1
delayafterterminate: 0.1
searcher: searcher_string:
    0: 'pxh>'
[17:02:06] IO_with_all_failures/i1: pxh error: End Of File (EOF). Exception style platform.
<pexpect.pty_spawn.spawn object at 0x793e726b9300>
command: /usr/bin/python3
args: [b'/usr/bin/python3', b'/home/iotrust/ResearchFall2025/Simulators/PX4-Autopilot/Tools/mavlink_shell.py', b'14541']
buffer (last 100 chars): ''
before (last 100 chars): "SerialException: [Errno 2] could not open port 14541: [Errno 2] No such file or directory: '14541'\r\n"
after: <class 'pexpect.exceptions.EOF'>
match: None
match_index: None
exitstatus: None
flag_eof: True
pid: 294974
child_fd: 20
closed: False
timeout: 20.0
delimiter: <class 'pexpect.exceptions.EOF'>
logfile: None
logfile_read: None
logfile_send: None
maxread: 2000
ignorecase: False
searchwindowsize: None
delaybeforesend: 0.05
delayafterclose: 0.1
delayafterterminate: 0.1
searcher: searcher_string:
    0: 'pxh>'
[17:02:09] IO_with_all_failures/i1: goto_offset N-12.0 E23.0 -> 37.4118540,-121.9966420 alt 46.00 (AMSL)
[17:02:13] IO_with_all_failures/i1: pxh error: End Of File (EOF). Exception style platform.
<pexpect.pty_spawn.spawn object at 0x793e726b88e0>
command: /usr/bin/python3
args: [b'/usr/bin/python3', b'/home/iotrust/ResearchFall2025/Simulators/PX4-Autopilot/Tools/mavlink_shell.py', b'14541']
buffer (last 100 chars): ''
before (last 100 chars): "SerialException: [Errno 2] could not open port 14541: [Errno 2] No such file or directory: '14541'\r\n"
after: <class 'pexpect.exceptions.EOF'>
match: None
match_index: None
exitstatus: None
flag_eof: True
pid: 295104
child_fd: 21
closed: False
timeout: 20.0
delimiter: <class 'pexpect.exceptions.EOF'>
logfile: None
logfile_read: None
logfile_send: None
maxread: 2000
ignorecase: False
searchwindowsize: None
delaybeforesend: 0.05
delayafterclose: 0.1
delayafterterminate: 0.1
searcher: searcher_string:
    0: 'pxh>'
[17:02:14] IO_with_all_failures/i1: pxh error: End Of File (EOF). Exception style platform.
<pexpect.pty_spawn.spawn object at 0x793e726b99f0>
command: /usr/bin/python3
args: [b'/usr/bin/python3', b'/home/iotrust/ResearchFall2025/Simulators/PX4-Autopilot/Tools/mavlink_shell.py', b'14541']
buffer (last 100 chars): ''
before (last 100 chars): "SerialException: [Errno 2] could not open port 14541: [Errno 2] No such file or directory: '14541'\r\n"
after: <class 'pexpect.exceptions.EOF'>
match: None
match_index: None
exitstatus: None
flag_eof: True
pid: 295183
child_fd: 22
closed: False
timeout: 20.0
delimiter: <class 'pexpect.exceptions.EOF'>
logfile: None
logfile_read: None
logfile_send: None
maxread: 2000
ignorecase: False
searchwindowsize: None
delaybeforesend: 0.05
delayafterclose: 0.1
delayafterterminate: 0.1
searcher: searcher_string:
    0: 'pxh>'
[17:02:17] IO_with_all_failures/i1: goto_offset N-12.0 E7.0 -> 37.4118540,-121.9968229 alt 46.00 (AMSL)
[17:02:29] IO_with_all_failures/i1: land
[17:02:30] IO_with_all_failures/i1: EXPECT final_mode=LAND -> True (got LAND)
[17:18:39] IO_with_all_failures/i1: connecting...
[17:18:41] IO_with_all_failures/i1: connected
[17:18:41] IO_with_all_failures/i1: armed
[17:18:42] IO_with_all_failures/i1: takeoff to 46.0 m
[17:18:47] IO_with_all_failures/i1: goto_offset N12.0 E-23.0 -> 37.4119620,-121.9970834 alt 46.00 (AMSL)
[17:18:53] IO_with_all_failures/i1: goto_offset N12.0 E-7.0 -> 37.4119620,-121.9969025 alt 46.00 (AMSL)
[17:18:55] IO_with_all_failures/i1: pxh error: End Of File (EOF). Exception style platform.
<pexpect.pty_spawn.spawn object at 0x7762736434f0>
command: /usr/bin/python3
args: [b'/usr/bin/python3', b'/home/iotrust/ResearchFall2025/Simulators/PX4-Autopilot/Tools/mavlink_shell.py', b'14541']
buffer (last 100 chars): ''
before (last 100 chars): "SerialException: [Errno 2] could not open port 14541: [Errno 2] No such file or directory: '14541'\r\n"
after: <class 'pexpect.exceptions.EOF'>
match: None
match_index: None
exitstatus: None
flag_eof: True
pid: 301708
child_fd: 16
closed: False
timeout: 20.0
delimiter: <class 'pexpect.exceptions.EOF'>
logfile: None
logfile_read: None
logfile_send: None
maxread: 2000
ignorecase: False
searchwindowsize: None
delaybeforesend: 0.05
delayafterclose: 0.1
delayafterterminate: 0.1
searcher: searcher_string:
    0: 'pxh>'
[17:18:56] IO_with_all_failures/i1: pxh error: End Of File (EOF). Exception style platform.
<pexpect.pty_spawn.spawn object at 0x776273643c10>
command: /usr/bin/python3
args: [b'/usr/bin/python3', b'/home/iotrust/ResearchFall2025/Simulators/PX4-Autopilot/Tools/mavlink_shell.py', b'14541']
buffer (last 100 chars): ''
before (last 100 chars): "SerialException: [Errno 2] could not open port 14541: [Errno 2] No such file or directory: '14541'\r\n"
after: <class 'pexpect.exceptions.EOF'>
match: None
match_index: None
exitstatus: None
flag_eof: True
pid: 301760
child_fd: 17
closed: False
timeout: 20.0
delimiter: <class 'pexpect.exceptions.EOF'>
logfile: None
logfile_read: None
logfile_send: None
maxread: 2000
ignorecase: False
searchwindowsize: None
delaybeforesend: 0.05
delayafterclose: 0.1
delayafterterminate: 0.1
searcher: searcher_string:
    0: 'pxh>'
[17:18:59] IO_with_all_failures/i1: goto_offset N12.0 E-15.0 -> 37.4119620,-121.9969929 alt 46.00 (AMSL)
[17:19:03] IO_with_all_failures/i1: goto_offset N-12.0 E-15.0 -> 37.4117464,-121.9969929 alt 46.00 (AMSL)
[17:19:05] IO_with_all_failures/i1: pxh error: End Of File (EOF). Exception style platform.
<pexpect.pty_spawn.spawn object at 0x776273643d60>
command: /usr/bin/python3
args: [b'/usr/bin/python3', b'/home/iotrust/ResearchFall2025/Simulators/PX4-Autopilot/Tools/mavlink_shell.py', b'14541']
buffer (last 100 chars): ''
before (last 100 chars): "SerialException: [Errno 2] could not open port 14541: [Errno 2] No such file or directory: '14541'\r\n"
after: <class 'pexpect.exceptions.EOF'>
match: None
match_index: None
exitstatus: None
flag_eof: True
pid: 301907
child_fd: 16
closed: False
timeout: 20.0
delimiter: <class 'pexpect.exceptions.EOF'>
logfile: None
logfile_read: None
logfile_send: None
maxread: 2000
ignorecase: False
searchwindowsize: None
delaybeforesend: 0.05
delayafterclose: 0.1
delayafterterminate: 0.1
searcher: searcher_string:
    0: 'pxh>'
[17:19:06] IO_with_all_failures/i1: pxh error: End Of File (EOF). Exception style platform.
<pexpect.pty_spawn.spawn object at 0x776273642dd0>
command: /usr/bin/python3
args: [b'/usr/bin/python3', b'/home/iotrust/ResearchFall2025/Simulators/PX4-Autopilot/Tools/mavlink_shell.py', b'14541']
buffer (last 100 chars): ''
before (last 100 chars): "SerialException: [Errno 2] could not open port 14541: [Errno 2] No such file or directory: '14541'\r\n"
after: <class 'pexpect.exceptions.EOF'>
match: None
match_index: None
exitstatus: None
flag_eof: True
pid: 301957
child_fd: 17
closed: False
timeout: 20.0
delimiter: <class 'pexpect.exceptions.EOF'>
logfile: None
logfile_read: None
logfile_send: None
maxread: 2000
ignorecase: False
searchwindowsize: None
delaybeforesend: 0.05
delayafterclose: 0.1
delayafterterminate: 0.1
searcher: searcher_string:
    0: 'pxh>'
[17:19:09] IO_with_all_failures/i1: goto_offset N-12.0 E-23.0 -> 37.4117464,-121.9970834 alt 46.00 (AMSL)
[17:19:13] IO_with_all_failures/i1: goto_offset N-12.0 E-7.0 -> 37.4117464,-121.9969025 alt 46.00 (AMSL)
[17:19:15] IO_with_all_failures/i1: pxh error: End Of File (EOF). Exception style platform.
<pexpect.pty_spawn.spawn object at 0x776273643130>
command: /usr/bin/python3
args: [b'/usr/bin/python3', b'/home/iotrust/ResearchFall2025/Simulators/PX4-Autopilot/Tools/mavlink_shell.py', b'14541']
buffer (last 100 chars): ''
before (last 100 chars): "SerialException: [Errno 2] could not open port 14541: [Errno 2] No such file or directory: '14541'\r\n"
after: <class 'pexpect.exceptions.EOF'>
match: None
match_index: None
exitstatus: None
flag_eof: True
pid: 302112
child_fd: 18
closed: False
timeout: 20.0
delimiter: <class 'pexpect.exceptions.EOF'>
logfile: None
logfile_read: None
logfile_send: None
maxread: 2000
ignorecase: False
searchwindowsize: None
delaybeforesend: 0.05
delayafterclose: 0.1
delayafterterminate: 0.1
searcher: searcher_string:
    0: 'pxh>'
[17:19:16] IO_with_all_failures/i1: pxh error: End Of File (EOF). Exception style platform.
<pexpect.pty_spawn.spawn object at 0x776273643a30>
command: /usr/bin/python3
args: [b'/usr/bin/python3', b'/home/iotrust/ResearchFall2025/Simulators/PX4-Autopilot/Tools/mavlink_shell.py', b'14541']
buffer (last 100 chars): ''
before (last 100 chars): "SerialException: [Errno 2] could not open port 14541: [Errno 2] No such file or directory: '14541'\r\n"
after: <class 'pexpect.exceptions.EOF'>
match: None
match_index: None
exitstatus: None
flag_eof: True
pid: 302163
child_fd: 19
closed: False
timeout: 20.0
delimiter: <class 'pexpect.exceptions.EOF'>
logfile: None
logfile_read: None
logfile_send: None
maxread: 2000
ignorecase: False
searchwindowsize: None
delaybeforesend: 0.05
delayafterclose: 0.1
delayafterterminate: 0.1
searcher: searcher_string:
    0: 'pxh>'
[17:19:19] IO_with_all_failures/i1: goto_offset N-12.0 E7.0 -> 37.4117464,-121.9967441 alt 46.00 (AMSL)
[17:19:21] IO_with_all_failures/i1: pxh error: End Of File (EOF). Exception style platform.
<pexpect.pty_spawn.spawn object at 0x77627367ce50>
command: /usr/bin/python3
args: [b'/usr/bin/python3', b'/home/iotrust/ResearchFall2025/Simulators/PX4-Autopilot/Tools/mavlink_shell.py', b'14541']
buffer (last 100 chars): ''
before (last 100 chars): "SerialException: [Errno 2] could not open port 14541: [Errno 2] No such file or directory: '14541'\r\n"
after: <class 'pexpect.exceptions.EOF'>
match: None
match_index: None
exitstatus: None
flag_eof: True
pid: 302276
child_fd: 20
closed: False
timeout: 20.0
delimiter: <class 'pexpect.exceptions.EOF'>
logfile: None
logfile_read: None
logfile_send: None
maxread: 2000
ignorecase: False
searchwindowsize: None
delaybeforesend: 0.05
delayafterclose: 0.1
delayafterterminate: 0.1
searcher: searcher_string:
    0: 'pxh>'
[17:19:23] IO_with_all_failures/i1: pxh error: End Of File (EOF). Exception style platform.
<pexpect.pty_spawn.spawn object at 0x77627367d060>
command: /usr/bin/python3
args: [b'/usr/bin/python3', b'/home/iotrust/ResearchFall2025/Simulators/PX4-Autopilot/Tools/mavlink_shell.py', b'14541']
buffer (last 100 chars): ''
before (last 100 chars): "SerialException: [Errno 2] could not open port 14541: [Errno 2] No such file or directory: '14541'\r\n"
after: <class 'pexpect.exceptions.EOF'>
match: None
match_index: None
exitstatus: None
flag_eof: True
pid: 302342
child_fd: 16
closed: False
timeout: 20.0
delimiter: <class 'pexpect.exceptions.EOF'>
logfile: None
logfile_read: None
logfile_send: None
maxread: 2000
ignorecase: False
searchwindowsize: None
delaybeforesend: 0.05
delayafterclose: 0.1
delayafterterminate: 0.1
searcher: searcher_string:
    0: 'pxh>'
[17:19:25] IO_with_all_failures/i1: goto_offset N12.0 E7.0 -> 37.4119620,-121.9967441 alt 46.00 (AMSL)
[17:19:29] IO_with_all_failures/i1: pxh error: End Of File (EOF). Exception style platform.
<pexpect.pty_spawn.spawn object at 0x776273643ac0>
command: /usr/bin/python3
args: [b'/usr/bin/python3', b'/home/iotrust/ResearchFall2025/Simulators/PX4-Autopilot/Tools/mavlink_shell.py', b'14541']
buffer (last 100 chars): ''
before (last 100 chars): "SerialException: [Errno 2] could not open port 14541: [Errno 2] No such file or directory: '14541'\r\n"
after: <class 'pexpect.exceptions.EOF'>
match: None
match_index: None
exitstatus: None
flag_eof: True
pid: 302470
child_fd: 17
closed: False
timeout: 20.0
delimiter: <class 'pexpect.exceptions.EOF'>
logfile: None
logfile_read: None
logfile_send: None
maxread: 2000
ignorecase: False
searchwindowsize: None
delaybeforesend: 0.05
delayafterclose: 0.1
delayafterterminate: 0.1
searcher: searcher_string:
    0: 'pxh>'
[17:19:30] IO_with_all_failures/i1: pxh error: End Of File (EOF). Exception style platform.
<pexpect.pty_spawn.spawn object at 0x776273642e90>
command: /usr/bin/python3
args: [b'/usr/bin/python3', b'/home/iotrust/ResearchFall2025/Simulators/PX4-Autopilot/Tools/mavlink_shell.py', b'14541']
buffer (last 100 chars): ''
before (last 100 chars): "SerialException: [Errno 2] could not open port 14541: [Errno 2] No such file or directory: '14541'\r\n"
after: <class 'pexpect.exceptions.EOF'>
match: None
match_index: None
exitstatus: None
flag_eof: True
pid: 302520
child_fd: 18
closed: False
timeout: 20.0
delimiter: <class 'pexpect.exceptions.EOF'>
logfile: None
logfile_read: None
logfile_send: None
maxread: 2000
ignorecase: False
searchwindowsize: None
delaybeforesend: 0.05
delayafterclose: 0.1
delayafterterminate: 0.1
searcher: searcher_string:
    0: 'pxh>'
[17:19:33] IO_with_all_failures/i1: goto_offset N12.0 E23.0 -> 37.4119620,-121.9965632 alt 46.00 (AMSL)
[17:19:37] IO_with_all_failures/i1: pxh error: End Of File (EOF). Exception style platform.
<pexpect.pty_spawn.spawn object at 0x77627367c7c0>
command: /usr/bin/python3
args: [b'/usr/bin/python3', b'/home/iotrust/ResearchFall2025/Simulators/PX4-Autopilot/Tools/mavlink_shell.py', b'14541']
buffer (last 100 chars): ''
before (last 100 chars): "SerialException: [Errno 2] could not open port 14541: [Errno 2] No such file or directory: '14541'\r\n"
after: <class 'pexpect.exceptions.EOF'>
match: None
match_index: None
exitstatus: None
flag_eof: True
pid: 302644
child_fd: 19
closed: False
timeout: 20.0
delimiter: <class 'pexpect.exceptions.EOF'>
logfile: None
logfile_read: None
logfile_send: None
maxread: 2000
ignorecase: False
searchwindowsize: None
delaybeforesend: 0.05
delayafterclose: 0.1
delayafterterminate: 0.1
searcher: searcher_string:
    0: 'pxh>'
[17:19:38] IO_with_all_failures/i1: pxh error: End Of File (EOF). Exception style platform.
<pexpect.pty_spawn.spawn object at 0x77627367d300>
command: /usr/bin/python3
args: [b'/usr/bin/python3', b'/home/iotrust/ResearchFall2025/Simulators/PX4-Autopilot/Tools/mavlink_shell.py', b'14541']
buffer (last 100 chars): ''
before (last 100 chars): "SerialException: [Errno 2] could not open port 14541: [Errno 2] No such file or directory: '14541'\r\n"
after: <class 'pexpect.exceptions.EOF'>
match: None
match_index: None
exitstatus: None
flag_eof: True
pid: 302709
child_fd: 20
closed: False
timeout: 20.0
delimiter: <class 'pexpect.exceptions.EOF'>
logfile: None
logfile_read: None
logfile_send: None
maxread: 2000
ignorecase: False
searchwindowsize: None
delaybeforesend: 0.05
delayafterclose: 0.1
delayafterterminate: 0.1
searcher: searcher_string:
    0: 'pxh>'
[17:19:41] IO_with_all_failures/i1: goto_offset N-12.0 E23.0 -> 37.4117464,-121.9965632 alt 46.00 (AMSL)
[17:19:45] IO_with_all_failures/i1: pxh error: End Of File (EOF). Exception style platform.
<pexpect.pty_spawn.spawn object at 0x77627367c8e0>
command: /usr/bin/python3
args: [b'/usr/bin/python3', b'/home/iotrust/ResearchFall2025/Simulators/PX4-Autopilot/Tools/mavlink_shell.py', b'14541']
buffer (last 100 chars): ''
before (last 100 chars): "SerialException: [Errno 2] could not open port 14541: [Errno 2] No such file or directory: '14541'\r\n"
after: <class 'pexpect.exceptions.EOF'>
match: None
match_index: None
exitstatus: None
flag_eof: True
pid: 302853
child_fd: 21
closed: False
timeout: 20.0
delimiter: <class 'pexpect.exceptions.EOF'>
logfile: None
logfile_read: None
logfile_send: None
maxread: 2000
ignorecase: False
searchwindowsize: None
delaybeforesend: 0.05
delayafterclose: 0.1
delayafterterminate: 0.1
searcher: searcher_string:
    0: 'pxh>'
[17:19:46] IO_with_all_failures/i1: pxh error: End Of File (EOF). Exception style platform.
<pexpect.pty_spawn.spawn object at 0x77627367d9f0>
command: /usr/bin/python3
args: [b'/usr/bin/python3', b'/home/iotrust/ResearchFall2025/Simulators/PX4-Autopilot/Tools/mavlink_shell.py', b'14541']
buffer (last 100 chars): ''
before (last 100 chars): "SerialException: [Errno 2] could not open port 14541: [Errno 2] No such file or directory: '14541'\r\n"
after: <class 'pexpect.exceptions.EOF'>
match: None
match_index: None
exitstatus: None
flag_eof: True
pid: 302904
child_fd: 22
closed: False
timeout: 20.0
delimiter: <class 'pexpect.exceptions.EOF'>
logfile: None
logfile_read: None
logfile_send: None
maxread: 2000
ignorecase: False
searchwindowsize: None
delaybeforesend: 0.05
delayafterclose: 0.1
delayafterterminate: 0.1
searcher: searcher_string:
    0: 'pxh>'
[17:19:51] IO_with_all_failures/i1: goto_offset N-12.0 E7.0 -> 37.4117464,-121.9967441 alt 46.00 (AMSL)
[17:20:01] IO_with_all_failures/i1: land
[17:20:01] IO_with_all_failures/i1: EXPECT final_mode=LAND -> True (got LAND)
