[14:48:48] complex_route_baylands/i2: connecting...
[14:48:49] complex_route_baylands/i2: connected
[14:48:49] complex_route_baylands/i2: armed
[14:48:52] complex_route_baylands/i2: takeoff to 40.0 m
[14:48:55] complex_route_baylands/i2: TEL t=  0.0s mode=HOLD in_air=False armed=True batt=9300.0% v=16.05V lat=37.41280 lon=-121.99984 rel_alt= 0.0m speed≈ 0.0m/s
[15:00:22] complex_route_baylands/i2: connecting...
[15:00:38] complex_route_baylands/i2: connected
[15:00:38] complex_route_baylands/i2: armed
[15:00:41] complex_route_baylands/i2: takeoff to 40.0 m
[15:00:44] complex_route_baylands/i2: TEL t=  0.0s mode=HOLD in_air=False armed=True batt=9300.0% v=16.05V lat=37.41279 lon=-121.99984 rel_alt= 0.0m speed≈ 0.0m/s
[15:08:08] complex_route_baylands/i2: connecting...
[15:18:19] complex_route_baylands/i2: connecting...
[17:12:23] complex_route_baylands/i2: connecting...
[17:12:38] complex_route_baylands/i2: connected
[17:24:01] complex_route_baylands/i2: connecting...
[17:24:17] complex_route_baylands/i2: connected
[17:24:17] complex_route_baylands/i2: param set NAV_RCL_ACT -> 0
[17:24:18] complex_route_baylands/i2: param set NAV_DLL_ACT -> 0
[17:24:22] complex_route_baylands/i2: armed
[17:24:22] complex_route_baylands/i2: TEL t=  0.0s mode=HOLD in_air=False armed=False batt=10000.0% v=16.20V lat=37.41217 lon=-121.99888 rel_alt= 0.2m speed≈ 0.1m/s
[17:24:25] complex_route_baylands/i2: takeoff to 40.0 m
[17:24:26] complex_route_baylands/i2: TEL t=  5.2s mode=HOLD in_air=False armed=True batt=9700.0% v=16.11V lat=37.41217 lon=-121.99888 rel_alt= 0.1m speed≈ 0.1m/s
[17:24:30] complex_route_baylands/i2: TEL t=  9.3s mode=TAKEOFF in_air=True armed=True batt=9000.0% v=15.99V lat=37.41217 lon=-121.99888 rel_alt= 0.3m speed≈ 1.1m/s
[17:24:32] complex_route_baylands/i2: set_speed ignored: TIMEOUT: 'Timeout'; origin: set_param_int(); params: ('MIS_SPEED', 800)
[17:24:33] complex_route_baylands/i2: goto_offset N0.0 E40.0 -> 37.4121731,-121.9984260 alt 78.04 AMSL
[17:24:34] complex_route_baylands/i2: TEL t= 13.3s mode=TAKEOFF in_air=True armed=True batt=8300.0% v=15.87V lat=37.41217 lon=-121.99888 rel_alt= 5.4m speed≈ 2.6m/s
[17:24:38] complex_route_baylands/i2: TEL t= 17.3s mode=HOLD in_air=True armed=True batt=7700.0% v=15.75V lat=37.41217 lon=-121.99876 rel_alt=15.6m speed≈ 4.6m/s
[17:24:39] complex_route_baylands/i2: goto_offset N40.0 E40.0 -> 37.4125324,-121.9984260 alt 78.04 AMSL
[17:24:43] complex_route_baylands/i2: TEL t= 21.3s mode=HOLD in_air=True armed=True batt=7000.0% v=15.63V lat=37.41220 lon=-121.99860 rel_alt=27.2m speed≈ 7.9m/s
[17:24:44] complex_route_baylands/i2: goto_offset N40.0 E-40.0 -> 37.4125324,-121.9993308 alt 78.04 AMSL
[17:24:47] complex_route_baylands/i2: TEL t= 25.3s mode=HOLD in_air=True armed=True batt=6300.0% v=15.51V lat=37.41242 lon=-121.99850 rel_alt=36.1m speed≈ 5.3m/s
[17:24:50] complex_route_baylands/i2: goto_offset N0.0 E-40.0 -> 37.4121731,-121.9993308 alt 78.04 AMSL
[17:24:51] complex_route_baylands/i2: TEL t= 29.4s mode=HOLD in_air=True armed=True batt=5700.0% v=15.39V lat=37.41250 lon=-121.99875 rel_alt=38.7m speed≈ 7.3m/s
[17:24:54] complex_route_baylands/i2: goto_offset N0.0 E0.0 -> 37.4121731,-121.9988784 alt 78.04 AMSL
[17:24:55] complex_route_baylands/i2: TEL t= 33.4s mode=HOLD in_air=True armed=True batt=5100.0% v=15.30V lat=37.41239 lon=-121.99905 rel_alt=39.4m speed≈ 7.2m/s
[17:24:59] complex_route_baylands/i2: TEL t= 37.4s mode=HOLD in_air=True armed=True batt=5000.0% v=15.30V lat=37.41220 lon=-121.99910 rel_alt=40.0m speed≈ 6.5m/s
[17:24:59] complex_route_baylands/i2: land
[17:25:00] complex_route_baylands/i2: EXPECT final_mode=LAND -> True (got LAND)
[17:26:20] complex_route_baylands/i2: connecting...
[17:26:21] complex_route_baylands/i2: connected
[17:26:21] complex_route_baylands/i2: param set NAV_RCL_ACT -> 0
[17:26:21] complex_route_baylands/i2: param set NAV_DLL_ACT -> 0
[17:26:25] complex_route_baylands/i2: TEL t=  0.0s mode=HOLD in_air=False armed=False batt=10000.0% v=16.20V lat=37.41218 lon=-121.99887 rel_alt= 0.0m speed≈ 0.0m/s
[17:26:26] complex_route_baylands/i2: armed
[17:26:29] complex_route_baylands/i2: takeoff to 40.0 m
[17:26:29] complex_route_baylands/i2: TEL t=  4.2s mode=HOLD in_air=False armed=True batt=9800.0% v=16.14V lat=37.41218 lon=-121.99887 rel_alt= 0.0m speed≈ 0.0m/s
[17:26:33] complex_route_baylands/i2: TEL t=  8.3s mode=TAKEOFF in_air=True armed=True batt=9200.0% v=16.02V lat=37.41218 lon=-121.99887 rel_alt= 0.0m speed≈ 0.6m/s
[17:26:36] complex_route_baylands/i2: set_speed ignored: TIMEOUT: 'Timeout'; origin: set_param_int(); params: ('MIS_SPEED', 800)
[17:26:37] complex_route_baylands/i2: TEL t= 12.3s mode=TAKEOFF in_air=True armed=True batt=8500.0% v=15.90V lat=37.41218 lon=-121.99887 rel_alt= 3.8m speed≈ 1.4m/s
[17:26:38] complex_route_baylands/i2: goto_offset N0.0 E40.0 -> 37.4121786,-121.9984159 alt 78.07 AMSL
[17:26:41] complex_route_baylands/i2: TEL t= 16.3s mode=TAKEOFF in_air=True armed=True batt=7800.0% v=15.78V lat=37.41218 lon=-121.99883 rel_alt=11.1m speed≈ 4.6m/s
[17:26:42] complex_route_baylands/i2: goto_offset N40.0 E40.0 -> 37.4125379,-121.9984159 alt 78.07 AMSL
[17:26:45] complex_route_baylands/i2: TEL t= 20.3s mode=HOLD in_air=True armed=True batt=7200.0% v=15.66V lat=37.41221 lon=-121.99866 rel_alt=22.7m speed≈ 7.9m/s
[17:26:48] complex_route_baylands/i2: goto_offset N40.0 E-40.0 -> 37.4125379,-121.9993207 alt 78.07 AMSL
[17:26:49] complex_route_baylands/i2: TEL t= 24.3s mode=HOLD in_air=True armed=True batt=6500.0% v=15.54V lat=37.41242 lon=-121.99850 rel_alt=34.0m speed≈ 4.7m/s
[17:26:52] complex_route_baylands/i2: goto_offset N0.0 E-40.0 -> 37.4121786,-121.9993207 alt 78.07 AMSL
[17:26:53] complex_route_baylands/i2: TEL t= 28.4s mode=HOLD in_air=True armed=True batt=5800.0% v=15.42V lat=37.41251 lon=-121.99857 rel_alt=39.0m speed≈ 7.7m/s
[17:26:57] complex_route_baylands/i2: TEL t= 32.4s mode=HOLD in_air=True armed=True batt=5200.0% v=15.30V lat=37.41242 lon=-121.99887 rel_alt=39.4m speed≈ 7.8m/s
[17:26:58] complex_route_baylands/i2: goto_offset N0.0 E0.0 -> 37.4121786,-121.9988683 alt 78.07 AMSL
[17:27:01] complex_route_baylands/i2: TEL t= 36.4s mode=HOLD in_air=True armed=True batt=5000.0% v=15.30V lat=37.41225 lon=-121.99913 rel_alt=39.8m speed≈ 3.8m/s
[17:27:03] complex_route_baylands/i2: land
[17:27:03] complex_route_baylands/i2: EXPECT final_mode=LAND -> True (got LAND)
[17:58:50] complex_route_baylands/i2: connecting...
[17:58:52] complex_route_baylands/i2: connected
[17:58:52] complex_route_baylands/i2: param set NAV_RCL_ACT -> 0
[17:58:52] complex_route_baylands/i2: param set NAV_DLL_ACT -> 0
[17:58:57] complex_route_baylands/i2: armed
[17:58:57] complex_route_baylands/i2: TEL t=  0.0s mode=HOLD in_air=False armed=False batt=10000.0% v=16.20V lat=37.41216 lon=-121.99897 rel_alt=-0.0m speed≈ 0.0m/s
[17:59:00] complex_route_baylands/i2: takeoff to 40.0 m
[17:59:01] complex_route_baylands/i2: TEL t=  5.2s mode=HOLD in_air=False armed=True batt=9700.0% v=16.11V lat=37.41216 lon=-121.99897 rel_alt=-0.0m speed≈ 0.0m/s
[17:59:05] complex_route_baylands/i2: TEL t=  9.3s mode=TAKEOFF in_air=True armed=True batt=9000.0% v=15.99V lat=37.41216 lon=-121.99897 rel_alt= 0.2m speed≈ 1.1m/s
[17:59:07] complex_route_baylands/i2: set_speed ignored: TIMEOUT: 'Timeout'; origin: set_param_int(); params: ('MIS_SPEED', 800)
[17:59:08] complex_route_baylands/i2: goto_offset N0.0 E40.0 -> 37.4121582,-121.9985132 alt 78.59 AMSL
[17:59:09] complex_route_baylands/i2: TEL t= 13.3s mode=TAKEOFF in_air=True armed=True batt=8300.0% v=15.87V lat=37.41216 lon=-121.99896 rel_alt= 5.1m speed≈ 2.6m/s
[17:59:13] complex_route_baylands/i2: TEL t= 17.3s mode=HOLD in_air=True armed=True batt=7700.0% v=15.75V lat=37.41216 lon=-121.99885 rel_alt=15.4m speed≈ 4.6m/s
[17:59:14] complex_route_baylands/i2: goto_offset N40.0 E40.0 -> 37.4125175,-121.9985132 alt 78.59 AMSL
[17:59:17] complex_route_baylands/i2: TEL t= 21.3s mode=HOLD in_air=True armed=True batt=7000.0% v=15.63V lat=37.41218 lon=-121.99870 rel_alt=26.9m speed≈ 7.6m/s
[17:59:18] complex_route_baylands/i2: goto_offset N40.0 E-40.0 -> 37.4125175,-121.9994180 alt 78.59 AMSL
[17:59:21] complex_route_baylands/i2: TEL t= 25.3s mode=HOLD in_air=True armed=True batt=6300.0% v=15.51V lat=37.41240 lon=-121.99859 rel_alt=35.7m speed≈ 5.1m/s
[17:59:24] complex_route_baylands/i2: goto_offset N0.0 E-40.0 -> 37.4121582,-121.9994180 alt 78.59 AMSL
[17:59:25] complex_route_baylands/i2: TEL t= 29.4s mode=HOLD in_air=True armed=True batt=5700.0% v=15.39V lat=37.41247 lon=-121.99883 rel_alt=38.5m speed≈ 7.3m/s
[17:59:28] complex_route_baylands/i2: goto_offset N0.0 E0.0 -> 37.4121582,-121.9989656 alt 78.59 AMSL
[17:59:29] complex_route_baylands/i2: TEL t= 33.4s mode=HOLD in_air=True armed=True batt=5100.0% v=15.30V lat=37.41237 lon=-121.99912 rel_alt=39.2m speed≈ 7.2m/s
[17:59:33] complex_route_baylands/i2: TEL t= 37.6s mode=HOLD in_air=True armed=True batt=5000.0% v=15.30V lat=37.41219 lon=-121.99918 rel_alt=39.9m speed≈ 6.3m/s
[17:59:34] complex_route_baylands/i2: land
[17:59:34] complex_route_baylands/i2: EXPECT final_mode=LAND -> True (got LAND)
[17:59:46] complex_route_baylands/i2: connecting...
[17:59:48] complex_route_baylands/i2: connected
[17:59:48] complex_route_baylands/i2: param set NAV_RCL_ACT -> 0
[17:59:48] complex_route_baylands/i2: param set NAV_DLL_ACT -> 0
[17:59:53] complex_route_baylands/i2: armed
[17:59:53] complex_route_baylands/i2: TEL t=  0.0s mode=LAND in_air=True armed=True batt=5000.0% v=15.30V lat=37.41216 lon=-121.99896 rel_alt=13.7m speed≈ 1.5m/s
[17:59:56] complex_route_baylands/i2: takeoff to 40.0 m
[17:59:57] complex_route_baylands/i2: TEL t=  5.2s mode=LAND in_air=True armed=True batt=5000.0% v=15.30V lat=37.41216 lon=-121.99896 rel_alt= 7.9m speed≈ 1.1m/s
[18:00:01] complex_route_baylands/i2: TEL t=  9.3s mode=TAKEOFF in_air=True armed=True batt=5000.0% v=15.30V lat=37.41216 lon=-121.99896 rel_alt=15.6m speed≈ 3.0m/s
[18:00:03] complex_route_baylands/i2: set_speed ignored: TIMEOUT: 'Timeout'; origin: set_param_int(); params: ('MIS_SPEED', 800)
[18:00:04] complex_route_baylands/i2: goto_offset N0.0 E40.0 -> 37.4121582,-121.9985132 alt 78.59 AMSL
[18:00:05] complex_route_baylands/i2: TEL t= 13.3s mode=TAKEOFF in_air=True armed=True batt=5000.0% v=15.30V lat=37.41216 lon=-121.99896 rel_alt=27.4m speed≈ 3.3m/s
[18:00:09] complex_route_baylands/i2: TEL t= 17.3s mode=HOLD in_air=True armed=True batt=5000.0% v=15.30V lat=37.41216 lon=-121.99878 rel_alt=36.3m speed≈ 6.9m/s
[18:00:10] complex_route_baylands/i2: goto_offset N40.0 E40.0 -> 37.4125175,-121.9985132 alt 78.59 AMSL
[18:00:13] complex_route_baylands/i2: TEL t= 21.3s mode=HOLD in_air=True armed=True batt=5000.0% v=15.30V lat=37.41219 lon=-121.99856 rel_alt=39.5m speed≈ 6.8m/s
[18:00:14] complex_route_baylands/i2: goto_offset N40.0 E-40.0 -> 37.4125175,-121.9994180 alt 78.59 AMSL
[18:00:17] complex_route_baylands/i2: TEL t= 25.3s mode=HOLD in_air=True armed=True batt=5000.0% v=15.30V lat=37.41242 lon=-121.99856 rel_alt=39.9m speed≈ 6.4m/s
[18:00:20] complex_route_baylands/i2: goto_offset N0.0 E-40.0 -> 37.4121582,-121.9994180 alt 78.59 AMSL
[18:00:21] complex_route_baylands/i2: TEL t= 29.4s mode=HOLD in_air=True armed=True batt=5000.0% v=15.30V lat=37.41248 lon=-121.99886 rel_alt=40.0m speed≈ 7.4m/s
[18:00:24] complex_route_baylands/i2: goto_offset N0.0 E0.0 -> 37.4121582,-121.9989656 alt 78.59 AMSL
[18:00:25] complex_route_baylands/i2: TEL t= 33.4s mode=HOLD in_air=True armed=True batt=5000.0% v=15.30V lat=37.41237 lon=-121.99916 rel_alt=40.0m speed≈ 7.1m/s
[18:00:29] complex_route_baylands/i2: TEL t= 37.4s mode=HOLD in_air=True armed=True batt=5000.0% v=15.30V lat=37.41219 lon=-121.99921 rel_alt=40.1m speed≈ 6.7m/s
[18:00:30] complex_route_baylands/i2: land
[18:00:30] complex_route_baylands/i2: EXPECT final_mode=LAND -> True (got LAND)
